1: On starting the app locally I get the error "## Error Type
Console Error

## Error Message
[next-auth][error][CLIENT_FETCH_ERROR] "\nhttps://next-auth.js.org/errors#client_fetch_error" "Unexpected token '<', \"<!DOCTYPE \"... is not valid JSON" {}


    at new Promise (<anonymous>:null:null)

Next.js version: 16.1.6 (Turbopack)"

2: upon clicking the google oauth sign in I get the error "## Error Type
Runtime Error

## Error Message
DATABASE_URL is not set


    at module evaluation (app/lib/db.ts:6:9)
    at module evaluation (app/lib/auth.ts:4:1)
    at module evaluation (app/api/auth/[...nextauth]/route.ts:1:1)
    at module evaluation (app/api/auth/[...nextauth]/route.ts:1:1)
    at Object.<anonymous> (.next/dev/server/app/api/auth/[...nextauth]/route.js:9:3)

## Code Frame
  4 |
  5 | if (!connectionString) {
> 6 |   throw new Error('DATABASE_URL is not set');
    |         ^
  7 | }
  8 |
  9 | const globalForPool = globalThis as unknown as { pool?: Pool };

Next.js version: 16.1.6 (Turbopack)
"